Archive member included to satisfy reference by file (symbol)

d:/embedded system diploma/tools/avr-gcc-10.1.0-x64-windows/bin/../lib/gcc/avr/10.1.0/avr5\libgcc.a(_exit.o)
                              d:/embedded system diploma/tools/avr-gcc-10.1.0-x64-windows/bin/../lib/gcc/avr/10.1.0/../../../../avr/lib/avr5/crtatmega32.o (exit)
d:/embedded system diploma/tools/avr-gcc-10.1.0-x64-windows/bin/../lib/gcc/avr/10.1.0/avr5\libgcc.a(_copy_data.o)
                              ./SPI_program.o (__do_copy_data)
d:/embedded system diploma/tools/avr-gcc-10.1.0-x64-windows/bin/../lib/gcc/avr/10.1.0/avr5\libgcc.a(_clear_bss.o)
                              ./Delay_program.o (__do_clear_bss)
d:/embedded system diploma/tools/avr-gcc-10.1.0-x64-windows/bin/../lib/gcc/avr/10.1.0/avr5\libgcc.a(_udivdi3.o)
                              ./UART_program.o (__udivdi3)
d:/embedded system diploma/tools/avr-gcc-10.1.0-x64-windows/bin/../lib/gcc/avr/10.1.0/avr5\libgcc.a(_udivmod64.o)
                              d:/embedded system diploma/tools/avr-gcc-10.1.0-x64-windows/bin/../lib/gcc/avr/10.1.0/avr5\libgcc.a(_udivdi3.o) (__udivmod64)
d:/embedded system diploma/tools/avr-gcc-10.1.0-x64-windows/bin/../lib/gcc/avr/10.1.0/avr5\libgcc.a(_ashldi3.o)
                              ./UART_program.o (__ashldi3)
d:/embedded system diploma/tools/avr-gcc-10.1.0-x64-windows/bin/../lib/gcc/avr/10.1.0/../../../../avr/lib/avr5\libm.a(cmpsf2.o)
                              ./SPI_program.o (__ltsf2)
d:/embedded system diploma/tools/avr-gcc-10.1.0-x64-windows/bin/../lib/gcc/avr/10.1.0/../../../../avr/lib/avr5\libm.a(fixunssfsi.o)
                              ./SPI_program.o (__fixunssfsi)
d:/embedded system diploma/tools/avr-gcc-10.1.0-x64-windows/bin/../lib/gcc/avr/10.1.0/../../../../avr/lib/avr5\libm.a(fp_cmp.o)
                              d:/embedded system diploma/tools/avr-gcc-10.1.0-x64-windows/bin/../lib/gcc/avr/10.1.0/../../../../avr/lib/avr5\libm.a(cmpsf2.o) (__fp_cmp)
d:/embedded system diploma/tools/avr-gcc-10.1.0-x64-windows/bin/../lib/gcc/avr/10.1.0/../../../../avr/lib/avr5\libm.a(fp_split3.o)
                              d:/embedded system diploma/tools/avr-gcc-10.1.0-x64-windows/bin/../lib/gcc/avr/10.1.0/../../../../avr/lib/avr5\libm.a(fixunssfsi.o) (__fp_splitA)
d:/embedded system diploma/tools/avr-gcc-10.1.0-x64-windows/bin/../lib/gcc/avr/10.1.0/../../../../avr/lib/avr5\libm.a(fp_zero.o)
                              d:/embedded system diploma/tools/avr-gcc-10.1.0-x64-windows/bin/../lib/gcc/avr/10.1.0/../../../../avr/lib/avr5\libm.a(fixunssfsi.o) (__fp_zero)
d:/embedded system diploma/tools/avr-gcc-10.1.0-x64-windows/bin/../lib/gcc/avr/10.1.0/../../../../avr/lib/avr5\libm.a(gesf2.o)
                              ./SPI_program.o (__gtsf2)
d:/embedded system diploma/tools/avr-gcc-10.1.0-x64-windows/bin/../lib/gcc/avr/10.1.0/../../../../avr/lib/avr5\libm.a(mulsf3.o)
                              ./SPI_program.o (__mulsf3)
d:/embedded system diploma/tools/avr-gcc-10.1.0-x64-windows/bin/../lib/gcc/avr/10.1.0/../../../../avr/lib/avr5\libm.a(mulsf3x.o)
                              d:/embedded system diploma/tools/avr-gcc-10.1.0-x64-windows/bin/../lib/gcc/avr/10.1.0/../../../../avr/lib/avr5\libm.a(mulsf3.o) (__mulsf3x)
d:/embedded system diploma/tools/avr-gcc-10.1.0-x64-windows/bin/../lib/gcc/avr/10.1.0/../../../../avr/lib/avr5\libm.a(fp_inf.o)
                              d:/embedded system diploma/tools/avr-gcc-10.1.0-x64-windows/bin/../lib/gcc/avr/10.1.0/../../../../avr/lib/avr5\libm.a(mulsf3x.o) (__fp_inf)
d:/embedded system diploma/tools/avr-gcc-10.1.0-x64-windows/bin/../lib/gcc/avr/10.1.0/../../../../avr/lib/avr5\libm.a(fp_nan.o)
                              d:/embedded system diploma/tools/avr-gcc-10.1.0-x64-windows/bin/../lib/gcc/avr/10.1.0/../../../../avr/lib/avr5\libm.a(mulsf3x.o) (__fp_nan)
d:/embedded system diploma/tools/avr-gcc-10.1.0-x64-windows/bin/../lib/gcc/avr/10.1.0/../../../../avr/lib/avr5\libm.a(fp_pscA.o)
                              d:/embedded system diploma/tools/avr-gcc-10.1.0-x64-windows/bin/../lib/gcc/avr/10.1.0/../../../../avr/lib/avr5\libm.a(mulsf3x.o) (__fp_pscA)
d:/embedded system diploma/tools/avr-gcc-10.1.0-x64-windows/bin/../lib/gcc/avr/10.1.0/../../../../avr/lib/avr5\libm.a(fp_pscB.o)
                              d:/embedded system diploma/tools/avr-gcc-10.1.0-x64-windows/bin/../lib/gcc/avr/10.1.0/../../../../avr/lib/avr5\libm.a(mulsf3x.o) (__fp_pscB)
d:/embedded system diploma/tools/avr-gcc-10.1.0-x64-windows/bin/../lib/gcc/avr/10.1.0/../../../../avr/lib/avr5\libm.a(fp_round.o)
                              d:/embedded system diploma/tools/avr-gcc-10.1.0-x64-windows/bin/../lib/gcc/avr/10.1.0/../../../../avr/lib/avr5\libm.a(mulsf3.o) (__fp_round)

Memory Configuration

Name             Origin             Length             Attributes
text             0x0000000000000000 0x0000000000020000 xr
data             0x0000000000800060 0x000000000000ffa0 rw !x
eeprom           0x0000000000810000 0x0000000000010000 rw !x
fuse             0x0000000000820000 0x0000000000000002 rw !x
lock             0x0000000000830000 0x0000000000000400 rw !x
signature        0x0000000000840000 0x0000000000000400 rw !x
user_signatures  0x0000000000850000 0x0000000000000400 rw !x
*default*        0x0000000000000000 0xffffffffffffffff

Linker script and memory map

LOAD d:/embedded system diploma/tools/avr-gcc-10.1.0-x64-windows/bin/../lib/gcc/avr/10.1.0/../../../../avr/lib/avr5/crtatmega32.o
LOAD ./DIO_program.o
LOAD ./Delay_program.o
LOAD ./INT_program.o
LOAD ./LED_program.o
LOAD ./SPI_program.o
LOAD ./TIMER_program.o
LOAD ./UART_program.o
LOAD ./main.o
START GROUP
LOAD d:/embedded system diploma/tools/avr-gcc-10.1.0-x64-windows/bin/../lib/gcc/avr/10.1.0/avr5\libgcc.a
LOAD d:/embedded system diploma/tools/avr-gcc-10.1.0-x64-windows/bin/../lib/gcc/avr/10.1.0/../../../../avr/lib/avr5\libm.a
LOAD d:/embedded system diploma/tools/avr-gcc-10.1.0-x64-windows/bin/../lib/gcc/avr/10.1.0/../../../../avr/lib/avr5\libc.a
LOAD d:/embedded system diploma/tools/avr-gcc-10.1.0-x64-windows/bin/../lib/gcc/avr/10.1.0/../../../../avr/lib/avr5\libatmega32.a
END GROUP
                0x0000000000020000                __TEXT_REGION_LENGTH__ = DEFINED (__TEXT_REGION_LENGTH__)?__TEXT_REGION_LENGTH__:0x20000
                0x000000000000ffa0                __DATA_REGION_LENGTH__ = DEFINED (__DATA_REGION_LENGTH__)?__DATA_REGION_LENGTH__:0xffa0
                0x0000000000010000                __EEPROM_REGION_LENGTH__ = DEFINED (__EEPROM_REGION_LENGTH__)?__EEPROM_REGION_LENGTH__:0x10000
                [0x0000000000000002]                __FUSE_REGION_LENGTH__ = DEFINED (__FUSE_REGION_LENGTH__)?__FUSE_REGION_LENGTH__:0x400
                0x0000000000000400                __LOCK_REGION_LENGTH__ = DEFINED (__LOCK_REGION_LENGTH__)?__LOCK_REGION_LENGTH__:0x400
                0x0000000000000400                __SIGNATURE_REGION_LENGTH__ = DEFINED (__SIGNATURE_REGION_LENGTH__)?__SIGNATURE_REGION_LENGTH__:0x400
                0x0000000000000400                __USER_SIGNATURE_REGION_LENGTH__ = DEFINED (__USER_SIGNATURE_REGION_LENGTH__)?__USER_SIGNATURE_REGION_LENGTH__:0x400

.hash
 *(.hash)

.dynsym
 *(.dynsym)

.dynstr
 *(.dynstr)

.gnu.version
 *(.gnu.version)

.gnu.version_d
 *(.gnu.version_d)

.gnu.version_r
 *(.gnu.version_r)

.rel.init
 *(.rel.init)

.rela.init
 *(.rela.init)

.rel.text
 *(.rel.text)
 *(.rel.text.*)
 *(.rel.gnu.linkonce.t*)

.rela.text
 *(.rela.text)
 *(.rela.text.*)
 *(.rela.gnu.linkonce.t*)

.rel.fini
 *(.rel.fini)

.rela.fini
 *(.rela.fini)

.rel.rodata
 *(.rel.rodata)
 *(.rel.rodata.*)
 *(.rel.gnu.linkonce.r*)

.rela.rodata
 *(.rela.rodata)
 *(.rela.rodata.*)
 *(.rela.gnu.linkonce.r*)

.rel.data
 *(.rel.data)
 *(.rel.data.*)
 *(.rel.gnu.linkonce.d*)

.rela.data
 *(.rela.data)
 *(.rela.data.*)
 *(.rela.gnu.linkonce.d*)

.rel.ctors
 *(.rel.ctors)

.rela.ctors
 *(.rela.ctors)

.rel.dtors
 *(.rel.dtors)

.rela.dtors
 *(.rela.dtors)

.rel.got
 *(.rel.got)

.rela.got
 *(.rela.got)

.rel.bss
 *(.rel.bss)

.rela.bss
 *(.rela.bss)

.rel.plt
 *(.rel.plt)

.rela.plt
 *(.rela.plt)

.text           0x0000000000000000     0x25fe
 *(.vectors)
 .vectors       0x0000000000000000       0x54 d:/embedded system diploma/tools/avr-gcc-10.1.0-x64-windows/bin/../lib/gcc/avr/10.1.0/../../../../avr/lib/avr5/crtatmega32.o
                0x0000000000000000                __vector_default
                0x0000000000000000                __vectors
 *(.vectors)
 *(.progmem.gcc*)
                0x0000000000000054                . = ALIGN (0x2)
                0x0000000000000054                __trampolines_start = .
 *(.trampolines)
 .trampolines   0x0000000000000054        0x0 linker stubs
 *(.trampolines*)
                0x0000000000000054                __trampolines_end = .
 *libprintf_flt.a:*(.progmem.data)
 *libc.a:*(.progmem.data)
 *(.progmem.*)
                0x0000000000000054                . = ALIGN (0x2)
 *(.lowtext)
 *(.lowtext*)
                0x0000000000000054                __ctors_start = .
 *(.ctors)
                0x0000000000000054                __ctors_end = .
                0x0000000000000054                __dtors_start = .
 *(.dtors)
                0x0000000000000054                __dtors_end = .
 SORT_BY_NAME(*)(.ctors)
 SORT_BY_NAME(*)(.dtors)
 *(.init0)
 .init0         0x0000000000000054        0x0 d:/embedded system diploma/tools/avr-gcc-10.1.0-x64-windows/bin/../lib/gcc/avr/10.1.0/../../../../avr/lib/avr5/crtatmega32.o
                0x0000000000000054                __init
 *(.init0)
 *(.init1)
 *(.init1)
 *(.init2)
 .init2         0x0000000000000054        0xc d:/embedded system diploma/tools/avr-gcc-10.1.0-x64-windows/bin/../lib/gcc/avr/10.1.0/../../../../avr/lib/avr5/crtatmega32.o
 *(.init2)
 *(.init3)
 *(.init3)
 *(.init4)
 .init4         0x0000000000000060       0x16 d:/embedded system diploma/tools/avr-gcc-10.1.0-x64-windows/bin/../lib/gcc/avr/10.1.0/avr5\libgcc.a(_copy_data.o)
                0x0000000000000060                __do_copy_data
 .init4         0x0000000000000076       0x10 d:/embedded system diploma/tools/avr-gcc-10.1.0-x64-windows/bin/../lib/gcc/avr/10.1.0/avr5\libgcc.a(_clear_bss.o)
                0x0000000000000076                __do_clear_bss
 *(.init4)
 *(.init5)
 *(.init5)
 *(.init6)
 *(.init6)
 *(.init7)
 *(.init7)
 *(.init8)
 *(.init8)
 *(.init9)
 .init9         0x0000000000000086        0x8 d:/embedded system diploma/tools/avr-gcc-10.1.0-x64-windows/bin/../lib/gcc/avr/10.1.0/../../../../avr/lib/avr5/crtatmega32.o
 *(.init9)
 *(.text)
 .text          0x000000000000008e        0x4 d:/embedded system diploma/tools/avr-gcc-10.1.0-x64-windows/bin/../lib/gcc/avr/10.1.0/../../../../avr/lib/avr5/crtatmega32.o
                0x000000000000008e                __bad_interrupt
                0x000000000000008e                __vector_6
                0x000000000000008e                __vector_11
                0x000000000000008e                __vector_17
                0x000000000000008e                __vector_19
                0x000000000000008e                __vector_7
                0x000000000000008e                __vector_5
                0x000000000000008e                __vector_4
                0x000000000000008e                __vector_9
                0x000000000000008e                __vector_15
                0x000000000000008e                __vector_8
                0x000000000000008e                __vector_16
                0x000000000000008e                __vector_18
                0x000000000000008e                __vector_20
 .text          0x0000000000000092        0x0 ./DIO_program.o
 .text          0x0000000000000092        0x0 ./Delay_program.o
 .text          0x0000000000000092        0x0 ./INT_program.o
 .text          0x0000000000000092        0x0 ./LED_program.o
 .text          0x0000000000000092        0x0 ./SPI_program.o
 .text          0x0000000000000092        0x0 ./TIMER_program.o
 .text          0x0000000000000092        0x0 ./UART_program.o
 .text          0x0000000000000092        0x0 ./main.o
 .text          0x0000000000000092        0x0 d:/embedded system diploma/tools/avr-gcc-10.1.0-x64-windows/bin/../lib/gcc/avr/10.1.0/avr5\libgcc.a(_exit.o)
 .text          0x0000000000000092        0x0 d:/embedded system diploma/tools/avr-gcc-10.1.0-x64-windows/bin/../lib/gcc/avr/10.1.0/avr5\libgcc.a(_copy_data.o)
 .text          0x0000000000000092        0x0 d:/embedded system diploma/tools/avr-gcc-10.1.0-x64-windows/bin/../lib/gcc/avr/10.1.0/avr5\libgcc.a(_clear_bss.o)
 .text          0x0000000000000092        0x0 d:/embedded system diploma/tools/avr-gcc-10.1.0-x64-windows/bin/../lib/gcc/avr/10.1.0/avr5\libgcc.a(_udivdi3.o)
 .text          0x0000000000000092        0x0 d:/embedded system diploma/tools/avr-gcc-10.1.0-x64-windows/bin/../lib/gcc/avr/10.1.0/avr5\libgcc.a(_udivmod64.o)
 .text          0x0000000000000092        0x0 d:/embedded system diploma/tools/avr-gcc-10.1.0-x64-windows/bin/../lib/gcc/avr/10.1.0/avr5\libgcc.a(_ashldi3.o)
 .text          0x0000000000000092        0x0 d:/embedded system diploma/tools/avr-gcc-10.1.0-x64-windows/bin/../lib/gcc/avr/10.1.0/../../../../avr/lib/avr5\libm.a(cmpsf2.o)
 .text          0x0000000000000092        0x0 d:/embedded system diploma/tools/avr-gcc-10.1.0-x64-windows/bin/../lib/gcc/avr/10.1.0/../../../../avr/lib/avr5\libm.a(fixunssfsi.o)
 .text          0x0000000000000092        0x0 d:/embedded system diploma/tools/avr-gcc-10.1.0-x64-windows/bin/../lib/gcc/avr/10.1.0/../../../../avr/lib/avr5\libm.a(fp_cmp.o)
 .text          0x0000000000000092        0x0 d:/embedded system diploma/tools/avr-gcc-10.1.0-x64-windows/bin/../lib/gcc/avr/10.1.0/../../../../avr/lib/avr5\libm.a(fp_split3.o)
 .text          0x0000000000000092        0x0 d:/embedded system diploma/tools/avr-gcc-10.1.0-x64-windows/bin/../lib/gcc/avr/10.1.0/../../../../avr/lib/avr5\libm.a(fp_zero.o)
 .text          0x0000000000000092        0x0 d:/embedded system diploma/tools/avr-gcc-10.1.0-x64-windows/bin/../lib/gcc/avr/10.1.0/../../../../avr/lib/avr5\libm.a(gesf2.o)
 .text          0x0000000000000092        0x0 d:/embedded system diploma/tools/avr-gcc-10.1.0-x64-windows/bin/../lib/gcc/avr/10.1.0/../../../../avr/lib/avr5\libm.a(mulsf3.o)
 .text          0x0000000000000092        0x0 d:/embedded system diploma/tools/avr-gcc-10.1.0-x64-windows/bin/../lib/gcc/avr/10.1.0/../../../../avr/lib/avr5\libm.a(mulsf3x.o)
 .text          0x0000000000000092        0x0 d:/embedded system diploma/tools/avr-gcc-10.1.0-x64-windows/bin/../lib/gcc/avr/10.1.0/../../../../avr/lib/avr5\libm.a(fp_inf.o)
 .text          0x0000000000000092        0x0 d:/embedded system diploma/tools/avr-gcc-10.1.0-x64-windows/bin/../lib/gcc/avr/10.1.0/../../../../avr/lib/avr5\libm.a(fp_nan.o)
 .text          0x0000000000000092        0x0 d:/embedded system diploma/tools/avr-gcc-10.1.0-x64-windows/bin/../lib/gcc/avr/10.1.0/../../../../avr/lib/avr5\libm.a(fp_pscA.o)
 .text          0x0000000000000092        0x0 d:/embedded system diploma/tools/avr-gcc-10.1.0-x64-windows/bin/../lib/gcc/avr/10.1.0/../../../../avr/lib/avr5\libm.a(fp_pscB.o)
 .text          0x0000000000000092        0x0 d:/embedded system diploma/tools/avr-gcc-10.1.0-x64-windows/bin/../lib/gcc/avr/10.1.0/../../../../avr/lib/avr5\libm.a(fp_round.o)
                0x0000000000000092                . = ALIGN (0x2)
 *(.text.*)
 .text.MCAL_DIO_u8SetPinDir
                0x0000000000000092      0x17c ./DIO_program.o
                0x0000000000000092                MCAL_DIO_u8SetPinDir
 .text.MCAL_DIO_u8SetPortDir
                0x000000000000020e       0x7e ./DIO_program.o
                0x000000000000020e                MCAL_DIO_u8SetPortDir
 .text.MCAL_DIO_u8SetPinValue
                0x000000000000028c      0x17c ./DIO_program.o
                0x000000000000028c                MCAL_DIO_u8SetPinValue
 .text.MCAL_DIO_u8SetPortValue
                0x0000000000000408       0x7e ./DIO_program.o
                0x0000000000000408                MCAL_DIO_u8SetPortValue
 .text.MCAL_DIO_u8GetPinValue
                0x0000000000000486      0x110 ./DIO_program.o
                0x0000000000000486                MCAL_DIO_u8GetPinValue
 .text.MCAL_DIO_u8GetPortValue
                0x0000000000000596       0x9a ./DIO_program.o
                0x0000000000000596                MCAL_DIO_u8GetPortValue
 .text.MCAL_DIO_u8SetPinInputType
                0x0000000000000630      0x17c ./DIO_program.o
                0x0000000000000630                MCAL_DIO_u8SetPinInputType
 .text.MCAL_DIO_u8SetPortInputType
                0x00000000000007ac       0x7e ./DIO_program.o
                0x00000000000007ac                MCAL_DIO_u8SetPortInputType
 .text.HAL_DelayInit
                0x000000000000082a       0x3c ./Delay_program.o
                0x000000000000082a                HAL_DelayInit
 .text.HAL_DelayBusyWait_ms
                0x0000000000000866       0x78 ./Delay_program.o
                0x0000000000000866                HAL_DelayBusyWait_ms
 .text.MCAL_EXTINT_u8Init
                0x00000000000008de      0x274 ./INT_program.o
                0x00000000000008de                MCAL_EXTINT_u8Init
 .text.MCAL_EXTINT_u8Disable
                0x0000000000000b52       0x78 ./INT_program.o
                0x0000000000000b52                MCAL_EXTINT_u8Disable
 .text.MCAL_EXTINT_u8LevelDetection
                0x0000000000000bca      0x1e6 ./INT_program.o
                0x0000000000000bca                MCAL_EXTINT_u8LevelDetection
 .text.MCAL_EXTINT_SetCallBack
                0x0000000000000db0       0x70 ./INT_program.o
                0x0000000000000db0                MCAL_EXTINT_SetCallBack
 .text.__vector_1
                0x0000000000000e20       0x6a ./INT_program.o
                0x0000000000000e20                __vector_1
 .text.__vector_2
                0x0000000000000e8a       0x6a ./INT_program.o
                0x0000000000000e8a                __vector_2
 .text.__vector_3
                0x0000000000000ef4       0x6a ./INT_program.o
                0x0000000000000ef4                __vector_3
 .text.HAL_LEDInit
                0x0000000000000f5e       0x34 ./LED_program.o
                0x0000000000000f5e                HAL_LEDInit
 .text.HAL_LEDSetValue
                0x0000000000000f92       0x3e ./LED_program.o
                0x0000000000000f92                HAL_LEDSetValue
 .text.MCAL_SPI_MasterInit
                0x0000000000000fd0      0x140 ./SPI_program.o
                0x0000000000000fd0                MCAL_SPI_MasterInit
 .text.MCAL_SPI_SlaveInit
                0x0000000000001110       0xa2 ./SPI_program.o
                0x0000000000001110                MCAL_SPI_SlaveInit
 .text.MCAL_SPI_Master_DataBusyWait
                0x00000000000011b2       0xa0 ./SPI_program.o
                0x00000000000011b2                MCAL_SPI_Master_DataBusyWait
 .text.MCAL_SPI_Slave_DataBusyWait
                0x0000000000001252       0x8c ./SPI_program.o
                0x0000000000001252                MCAL_SPI_Slave_DataBusyWait
 .text.MCAL_SPI_Master_DataCallBack
                0x00000000000012de       0x84 ./SPI_program.o
                0x00000000000012de                MCAL_SPI_Master_DataCallBack
 .text.MCAL_SPI_Slave_DataCallBack
                0x0000000000001362       0x78 ./SPI_program.o
                0x0000000000001362                MCAL_SPI_Slave_DataCallBack
 .text.MCAL_SPI_MasterString
                0x00000000000013da      0x190 ./SPI_program.o
                0x00000000000013da                MCAL_SPI_MasterString
 .text.MCAL_SPI_SlaveString
                0x000000000000156a       0x6c ./SPI_program.o
                0x000000000000156a                MCAL_SPI_SlaveString
 .text.__vector_12
                0x00000000000015d6       0xf2 ./SPI_program.o
                0x00000000000015d6                __vector_12
 .text.MCAL_Timer_Init
                0x00000000000016c8       0xda ./TIMER_program.o
                0x00000000000016c8                MCAL_Timer_Init
 .text.MCAL_Timer_Start
                0x00000000000017a2       0x7c ./TIMER_program.o
                0x00000000000017a2                MCAL_Timer_Start
 .text.MCAL_Timer_Stop
                0x000000000000181e       0x3e ./TIMER_program.o
                0x000000000000181e                MCAL_Timer_Stop
 .text.MCAL_Timer_Reset
                0x000000000000185c       0x34 ./TIMER_program.o
                0x000000000000185c                MCAL_Timer_Reset
 .text.MCAL_Timer_Get_Counter
                0x0000000000001890       0x46 ./TIMER_program.o
                0x0000000000001890                MCAL_Timer_Get_Counter
 .text.MCAL_Timer_Get_TickTime
                0x00000000000018d6       0xa6 ./TIMER_program.o
                0x00000000000018d6                MCAL_Timer_Get_TickTime
 .text.MCAL_Timer_Get_FlagStatus
                0x000000000000197c       0x56 ./TIMER_program.o
                0x000000000000197c                MCAL_Timer_Get_FlagStatus
 .text.MCAL_Timer_Clear_FlagStatus
                0x00000000000019d2       0x3e ./TIMER_program.o
                0x00000000000019d2                MCAL_Timer_Clear_FlagStatus
 .text.MCAL_TIMER_SetCallBack
                0x0000000000001a10       0x50 ./TIMER_program.o
                0x0000000000001a10                MCAL_TIMER_SetCallBack
 .text.__vector_10
                0x0000000000001a60       0x6a ./TIMER_program.o
                0x0000000000001a60                __vector_10
 .text.MCAL_UART_init
                0x0000000000001aca      0x362 ./UART_program.o
                0x0000000000001aca                MCAL_UART_init
 .text.MCAL_UART_sendByteBusyWait
                0x0000000000001e2c       0x88 ./UART_program.o
                0x0000000000001e2c                MCAL_UART_sendByteBusyWait
 .text.MCAL_UART_recieveByteBusyWait
                0x0000000000001eb4       0xda ./UART_program.o
                0x0000000000001eb4                MCAL_UART_recieveByteBusyWait
 .text.MCAL_UART_RecieveCallBack
                0x0000000000001f8e       0x5e ./UART_program.o
                0x0000000000001f8e                MCAL_UART_RecieveCallBack
 .text.__vector_13
                0x0000000000001fec      0x104 ./UART_program.o
                0x0000000000001fec                __vector_13
 .text.MCAL_UART_SendCallBack
                0x00000000000020f0       0x5e ./UART_program.o
                0x00000000000020f0                MCAL_UART_SendCallBack
 .text.__vector_14
                0x000000000000214e       0x92 ./UART_program.o
                0x000000000000214e                __vector_14
 .text.main     0x00000000000021e0       0xf4 ./main.o
                0x00000000000021e0                main
 .text.libgcc.mul
                0x00000000000022d4        0x0 d:/embedded system diploma/tools/avr-gcc-10.1.0-x64-windows/bin/../lib/gcc/avr/10.1.0/avr5\libgcc.a(_exit.o)
 .text.libgcc.div
                0x00000000000022d4        0x0 d:/embedded system diploma/tools/avr-gcc-10.1.0-x64-windows/bin/../lib/gcc/avr/10.1.0/avr5\libgcc.a(_exit.o)
 .text.libgcc   0x00000000000022d4        0x0 d:/embedded system diploma/tools/avr-gcc-10.1.0-x64-windows/bin/../lib/gcc/avr/10.1.0/avr5\libgcc.a(_exit.o)
 .text.libgcc.prologue
                0x00000000000022d4        0x0 d:/embedded system diploma/tools/avr-gcc-10.1.0-x64-windows/bin/../lib/gcc/avr/10.1.0/avr5\libgcc.a(_exit.o)
 .text.libgcc.builtins
                0x00000000000022d4        0x0 d:/embedded system diploma/tools/avr-gcc-10.1.0-x64-windows/bin/../lib/gcc/avr/10.1.0/avr5\libgcc.a(_exit.o)
 .text.libgcc.fmul
                0x00000000000022d4        0x0 d:/embedded system diploma/tools/avr-gcc-10.1.0-x64-windows/bin/../lib/gcc/avr/10.1.0/avr5\libgcc.a(_exit.o)
 .text.libgcc.fixed
                0x00000000000022d4        0x0 d:/embedded system diploma/tools/avr-gcc-10.1.0-x64-windows/bin/../lib/gcc/avr/10.1.0/avr5\libgcc.a(_exit.o)
 .text.libgcc.mul
                0x00000000000022d4        0x0 d:/embedded system diploma/tools/avr-gcc-10.1.0-x64-windows/bin/../lib/gcc/avr/10.1.0/avr5\libgcc.a(_copy_data.o)
 .text.libgcc.div
                0x00000000000022d4        0x0 d:/embedded system diploma/tools/avr-gcc-10.1.0-x64-windows/bin/../lib/gcc/avr/10.1.0/avr5\libgcc.a(_copy_data.o)
 .text.libgcc   0x00000000000022d4        0x0 d:/embedded system diploma/tools/avr-gcc-10.1.0-x64-windows/bin/../lib/gcc/avr/10.1.0/avr5\libgcc.a(_copy_data.o)
 .text.libgcc.prologue
                0x00000000000022d4        0x0 d:/embedded system diploma/tools/avr-gcc-10.1.0-x64-windows/bin/../lib/gcc/avr/10.1.0/avr5\libgcc.a(_copy_data.o)
 .text.libgcc.builtins
                0x00000000000022d4        0x0 d:/embedded system diploma/tools/avr-gcc-10.1.0-x64-windows/bin/../lib/gcc/avr/10.1.0/avr5\libgcc.a(_copy_data.o)
 .text.libgcc.fmul
                0x00000000000022d4        0x0 d:/embedded system diploma/tools/avr-gcc-10.1.0-x64-windows/bin/../lib/gcc/avr/10.1.0/avr5\libgcc.a(_copy_data.o)
 .text.libgcc.fixed
                0x00000000000022d4        0x0 d:/embedded system diploma/tools/avr-gcc-10.1.0-x64-windows/bin/../lib/gcc/avr/10.1.0/avr5\libgcc.a(_copy_data.o)
 .text.libgcc.mul
                0x00000000000022d4        0x0 d:/embedded system diploma/tools/avr-gcc-10.1.0-x64-windows/bin/../lib/gcc/avr/10.1.0/avr5\libgcc.a(_clear_bss.o)
 .text.libgcc.div
                0x00000000000022d4        0x0 d:/embedded system diploma/tools/avr-gcc-10.1.0-x64-windows/bin/../lib/gcc/avr/10.1.0/avr5\libgcc.a(_clear_bss.o)
 .text.libgcc   0x00000000000022d4        0x0 d:/embedded system diploma/tools/avr-gcc-10.1.0-x64-windows/bin/../lib/gcc/avr/10.1.0/avr5\libgcc.a(_clear_bss.o)
 .text.libgcc.prologue
                0x00000000000022d4        0x0 d:/embedded system diploma/tools/avr-gcc-10.1.0-x64-windows/bin/../lib/gcc/avr/10.1.0/avr5\libgcc.a(_clear_bss.o)
 .text.libgcc.builtins
                0x00000000000022d4        0x0 d:/embedded system diploma/tools/avr-gcc-10.1.0-x64-windows/bin/../lib/gcc/avr/10.1.0/avr5\libgcc.a(_clear_bss.o)
 .text.libgcc.fmul
                0x00000000000022d4        0x0 d:/embedded system diploma/tools/avr-gcc-10.1.0-x64-windows/bin/../lib/gcc/avr/10.1.0/avr5\libgcc.a(_clear_bss.o)
 .text.libgcc.fixed
                0x00000000000022d4        0x0 d:/embedded system diploma/tools/avr-gcc-10.1.0-x64-windows/bin/../lib/gcc/avr/10.1.0/avr5\libgcc.a(_clear_bss.o)
 .text.libgcc.mul
                0x00000000000022d4        0x0 d:/embedded system diploma/tools/avr-gcc-10.1.0-x64-windows/bin/../lib/gcc/avr/10.1.0/avr5\libgcc.a(_udivdi3.o)
 .text.libgcc.div
                0x00000000000022d4       0x1c d:/embedded system diploma/tools/avr-gcc-10.1.0-x64-windows/bin/../lib/gcc/avr/10.1.0/avr5\libgcc.a(_udivdi3.o)
                0x00000000000022d4                __umoddi3
                0x00000000000022d8                __udivdi3
                0x00000000000022da                __udivdi3_umoddi3
 .text.libgcc   0x00000000000022f0        0x0 d:/embedded system diploma/tools/avr-gcc-10.1.0-x64-windows/bin/../lib/gcc/avr/10.1.0/avr5\libgcc.a(_udivdi3.o)
 .text.libgcc.prologue
                0x00000000000022f0        0x0 d:/embedded system diploma/tools/avr-gcc-10.1.0-x64-windows/bin/../lib/gcc/avr/10.1.0/avr5\libgcc.a(_udivdi3.o)
 .text.libgcc.builtins
                0x00000000000022f0        0x0 d:/embedded system diploma/tools/avr-gcc-10.1.0-x64-windows/bin/../lib/gcc/avr/10.1.0/avr5\libgcc.a(_udivdi3.o)
 .text.libgcc.fmul
                0x00000000000022f0        0x0 d:/embedded system diploma/tools/avr-gcc-10.1.0-x64-windows/bin/../lib/gcc/avr/10.1.0/avr5\libgcc.a(_udivdi3.o)
 .text.libgcc.fixed
                0x00000000000022f0        0x0 d:/embedded system diploma/tools/avr-gcc-10.1.0-x64-windows/bin/../lib/gcc/avr/10.1.0/avr5\libgcc.a(_udivdi3.o)
 .text.libgcc.mul
                0x00000000000022f0        0x0 d:/embedded system diploma/tools/avr-gcc-10.1.0-x64-windows/bin/../lib/gcc/avr/10.1.0/avr5\libgcc.a(_udivmod64.o)
 .text.libgcc.div
                0x00000000000022f0       0xa2 d:/embedded system diploma/tools/avr-gcc-10.1.0-x64-windows/bin/../lib/gcc/avr/10.1.0/avr5\libgcc.a(_udivmod64.o)
                0x00000000000022f0                __udivmod64
 .text.libgcc   0x0000000000002392        0x0 d:/embedded system diploma/tools/avr-gcc-10.1.0-x64-windows/bin/../lib/gcc/avr/10.1.0/avr5\libgcc.a(_udivmod64.o)
 .text.libgcc.prologue
                0x0000000000002392        0x0 d:/embedded system diploma/tools/avr-gcc-10.1.0-x64-windows/bin/../lib/gcc/avr/10.1.0/avr5\libgcc.a(_udivmod64.o)
 .text.libgcc.builtins
                0x0000000000002392        0x0 d:/embedded system diploma/tools/avr-gcc-10.1.0-x64-windows/bin/../lib/gcc/avr/10.1.0/avr5\libgcc.a(_udivmod64.o)
 .text.libgcc.fmul
                0x0000000000002392        0x0 d:/embedded system diploma/tools/avr-gcc-10.1.0-x64-windows/bin/../lib/gcc/avr/10.1.0/avr5\libgcc.a(_udivmod64.o)
 .text.libgcc.fixed
                0x0000000000002392        0x0 d:/embedded system diploma/tools/avr-gcc-10.1.0-x64-windows/bin/../lib/gcc/avr/10.1.0/avr5\libgcc.a(_udivmod64.o)
 .text.libgcc.mul
                0x0000000000002392        0x0 d:/embedded system diploma/tools/avr-gcc-10.1.0-x64-windows/bin/../lib/gcc/avr/10.1.0/avr5\libgcc.a(_ashldi3.o)
 .text.libgcc.div
                0x0000000000002392        0x0 d:/embedded system diploma/tools/avr-gcc-10.1.0-x64-windows/bin/../lib/gcc/avr/10.1.0/avr5\libgcc.a(_ashldi3.o)
 .text.libgcc   0x0000000000002392        0x0 d:/embedded system diploma/tools/avr-gcc-10.1.0-x64-windows/bin/../lib/gcc/avr/10.1.0/avr5\libgcc.a(_ashldi3.o)
 .text.libgcc.prologue
                0x0000000000002392        0x0 d:/embedded system diploma/tools/avr-gcc-10.1.0-x64-windows/bin/../lib/gcc/avr/10.1.0/avr5\libgcc.a(_ashldi3.o)
 .text.libgcc.builtins
                0x0000000000002392       0x32 d:/embedded system diploma/tools/avr-gcc-10.1.0-x64-windows/bin/../lib/gcc/avr/10.1.0/avr5\libgcc.a(_ashldi3.o)
                0x0000000000002392                __ashldi3
 .text.libgcc.fmul
                0x00000000000023c4        0x0 d:/embedded system diploma/tools/avr-gcc-10.1.0-x64-windows/bin/../lib/gcc/avr/10.1.0/avr5\libgcc.a(_ashldi3.o)
 .text.libgcc.fixed
                0x00000000000023c4        0x0 d:/embedded system diploma/tools/avr-gcc-10.1.0-x64-windows/bin/../lib/gcc/avr/10.1.0/avr5\libgcc.a(_ashldi3.o)
 .text.avr-libc.fplib
                0x00000000000023c4        0xa d:/embedded system diploma/tools/avr-gcc-10.1.0-x64-windows/bin/../lib/gcc/avr/10.1.0/../../../../avr/lib/avr5\libm.a(cmpsf2.o)
                0x00000000000023c4                __nesf2
                0x00000000000023c4                __eqsf2
                0x00000000000023c4                __cmpsf2
                0x00000000000023c4                __ltsf2
                0x00000000000023c4                __lesf2
 .text.avr-libc.fplib
                0x00000000000023ce       0x5e d:/embedded system diploma/tools/avr-gcc-10.1.0-x64-windows/bin/../lib/gcc/avr/10.1.0/../../../../avr/lib/avr5\libm.a(fixunssfsi.o)
                0x00000000000023ce                __fixunssfsi
 .text.avr-libc.fplib
                0x000000000000242c       0x48 d:/embedded system diploma/tools/avr-gcc-10.1.0-x64-windows/bin/../lib/gcc/avr/10.1.0/../../../../avr/lib/avr5\libm.a(fp_cmp.o)
                0x000000000000242c                __fp_cmp
 .text.avr-libc.fplib
                0x0000000000002474       0x44 d:/embedded system diploma/tools/avr-gcc-10.1.0-x64-windows/bin/../lib/gcc/avr/10.1.0/../../../../avr/lib/avr5\libm.a(fp_split3.o)
                0x0000000000002474                __fp_split3
                0x0000000000002484                __fp_splitA
 .text.avr-libc.fplib
                0x00000000000024b8        0xe d:/embedded system diploma/tools/avr-gcc-10.1.0-x64-windows/bin/../lib/gcc/avr/10.1.0/../../../../avr/lib/avr5\libm.a(fp_zero.o)
                0x00000000000024b8                __fp_zero
                0x00000000000024ba                __fp_szero
 .text.avr-libc.fplib
                0x00000000000024c6        0xa d:/embedded system diploma/tools/avr-gcc-10.1.0-x64-windows/bin/../lib/gcc/avr/10.1.0/../../../../avr/lib/avr5\libm.a(gesf2.o)
                0x00000000000024c6                __gesf2
                0x00000000000024c6                __gtsf2
 .text.avr-libc.fplib
                0x00000000000024d0        0x8 d:/embedded system diploma/tools/avr-gcc-10.1.0-x64-windows/bin/../lib/gcc/avr/10.1.0/../../../../avr/lib/avr5\libm.a(mulsf3.o)
                0x00000000000024d0                __mulsf3
 .text.avr-libc.fplib
                0x00000000000024d8       0xd2 d:/embedded system diploma/tools/avr-gcc-10.1.0-x64-windows/bin/../lib/gcc/avr/10.1.0/../../../../avr/lib/avr5\libm.a(mulsf3x.o)
                0x00000000000024f6                __mulsf3x
                0x00000000000024fc                __mulsf3_pse
 .text.avr-libc.fplib
                0x00000000000025aa        0xc d:/embedded system diploma/tools/avr-gcc-10.1.0-x64-windows/bin/../lib/gcc/avr/10.1.0/../../../../avr/lib/avr5\libm.a(fp_inf.o)
                0x00000000000025aa                __fp_inf
 .text.avr-libc.fplib
                0x00000000000025b6        0x6 d:/embedded system diploma/tools/avr-gcc-10.1.0-x64-windows/bin/../lib/gcc/avr/10.1.0/../../../../avr/lib/avr5\libm.a(fp_nan.o)
                0x00000000000025b6                __fp_nan
 .text.avr-libc.fplib
                0x00000000000025bc        0xe d:/embedded system diploma/tools/avr-gcc-10.1.0-x64-windows/bin/../lib/gcc/avr/10.1.0/../../../../avr/lib/avr5\libm.a(fp_pscA.o)
                0x00000000000025bc                __fp_pscA
 .text.avr-libc.fplib
                0x00000000000025ca        0xe d:/embedded system diploma/tools/avr-gcc-10.1.0-x64-windows/bin/../lib/gcc/avr/10.1.0/../../../../avr/lib/avr5\libm.a(fp_pscB.o)
                0x00000000000025ca                __fp_pscB
 .text.avr-libc.fplib
                0x00000000000025d8       0x22 d:/embedded system diploma/tools/avr-gcc-10.1.0-x64-windows/bin/../lib/gcc/avr/10.1.0/../../../../avr/lib/avr5\libm.a(fp_round.o)
                0x00000000000025d8                __fp_round
                0x00000000000025fa                . = ALIGN (0x2)
 *(.fini9)
 .fini9         0x00000000000025fa        0x0 d:/embedded system diploma/tools/avr-gcc-10.1.0-x64-windows/bin/../lib/gcc/avr/10.1.0/avr5\libgcc.a(_exit.o)
                0x00000000000025fa                _exit
                0x00000000000025fa                exit
 *(.fini9)
 *(.fini8)
 *(.fini8)
 *(.fini7)
 *(.fini7)
 *(.fini6)
 *(.fini6)
 *(.fini5)
 *(.fini5)
 *(.fini4)
 *(.fini4)
 *(.fini3)
 *(.fini3)
 *(.fini2)
 *(.fini2)
 *(.fini1)
 *(.fini1)
 *(.fini0)
 .fini0         0x00000000000025fa        0x4 d:/embedded system diploma/tools/avr-gcc-10.1.0-x64-windows/bin/../lib/gcc/avr/10.1.0/avr5\libgcc.a(_exit.o)
 *(.fini0)
 *(.hightext)
 *(.hightext*)
 *(.progmemx.*)
                0x00000000000025fe                . = ALIGN (0x2)
 *(.jumptables)
 *(.jumptables*)
                0x00000000000025fe                _etext = .

.data           0x0000000000800060       0x1e load address 0x00000000000025fe
                0x0000000000800060                PROVIDE (__data_start = .)
 *(.data)
 .data          0x0000000000800060        0x0 d:/embedded system diploma/tools/avr-gcc-10.1.0-x64-windows/bin/../lib/gcc/avr/10.1.0/../../../../avr/lib/avr5/crtatmega32.o
 .data          0x0000000000800060        0x0 ./DIO_program.o
 .data          0x0000000000800060        0x0 ./Delay_program.o
 .data          0x0000000000800060        0x0 ./INT_program.o
 .data          0x0000000000800060        0x0 ./LED_program.o
 .data          0x0000000000800060        0x0 ./SPI_program.o
 .data          0x0000000000800060        0x0 ./TIMER_program.o
 .data          0x0000000000800060        0x0 ./UART_program.o
 .data          0x0000000000800060        0x0 ./main.o
 .data          0x0000000000800060        0x0 d:/embedded system diploma/tools/avr-gcc-10.1.0-x64-windows/bin/../lib/gcc/avr/10.1.0/avr5\libgcc.a(_exit.o)
 .data          0x0000000000800060        0x0 d:/embedded system diploma/tools/avr-gcc-10.1.0-x64-windows/bin/../lib/gcc/avr/10.1.0/avr5\libgcc.a(_copy_data.o)
 .data          0x0000000000800060        0x0 d:/embedded system diploma/tools/avr-gcc-10.1.0-x64-windows/bin/../lib/gcc/avr/10.1.0/avr5\libgcc.a(_clear_bss.o)
 .data          0x0000000000800060        0x0 d:/embedded system diploma/tools/avr-gcc-10.1.0-x64-windows/bin/../lib/gcc/avr/10.1.0/avr5\libgcc.a(_udivdi3.o)
 .data          0x0000000000800060        0x0 d:/embedded system diploma/tools/avr-gcc-10.1.0-x64-windows/bin/../lib/gcc/avr/10.1.0/avr5\libgcc.a(_udivmod64.o)
 .data          0x0000000000800060        0x0 d:/embedded system diploma/tools/avr-gcc-10.1.0-x64-windows/bin/../lib/gcc/avr/10.1.0/avr5\libgcc.a(_ashldi3.o)
 .data          0x0000000000800060        0x0 d:/embedded system diploma/tools/avr-gcc-10.1.0-x64-windows/bin/../lib/gcc/avr/10.1.0/../../../../avr/lib/avr5\libm.a(cmpsf2.o)
 .data          0x0000000000800060        0x0 d:/embedded system diploma/tools/avr-gcc-10.1.0-x64-windows/bin/../lib/gcc/avr/10.1.0/../../../../avr/lib/avr5\libm.a(fixunssfsi.o)
 .data          0x0000000000800060        0x0 d:/embedded system diploma/tools/avr-gcc-10.1.0-x64-windows/bin/../lib/gcc/avr/10.1.0/../../../../avr/lib/avr5\libm.a(fp_cmp.o)
 .data          0x0000000000800060        0x0 d:/embedded system diploma/tools/avr-gcc-10.1.0-x64-windows/bin/../lib/gcc/avr/10.1.0/../../../../avr/lib/avr5\libm.a(fp_split3.o)
 .data          0x0000000000800060        0x0 d:/embedded system diploma/tools/avr-gcc-10.1.0-x64-windows/bin/../lib/gcc/avr/10.1.0/../../../../avr/lib/avr5\libm.a(fp_zero.o)
 .data          0x0000000000800060        0x0 d:/embedded system diploma/tools/avr-gcc-10.1.0-x64-windows/bin/../lib/gcc/avr/10.1.0/../../../../avr/lib/avr5\libm.a(gesf2.o)
 .data          0x0000000000800060        0x0 d:/embedded system diploma/tools/avr-gcc-10.1.0-x64-windows/bin/../lib/gcc/avr/10.1.0/../../../../avr/lib/avr5\libm.a(mulsf3.o)
 .data          0x0000000000800060        0x0 d:/embedded system diploma/tools/avr-gcc-10.1.0-x64-windows/bin/../lib/gcc/avr/10.1.0/../../../../avr/lib/avr5\libm.a(mulsf3x.o)
 .data          0x0000000000800060        0x0 d:/embedded system diploma/tools/avr-gcc-10.1.0-x64-windows/bin/../lib/gcc/avr/10.1.0/../../../../avr/lib/avr5\libm.a(fp_inf.o)
 .data          0x0000000000800060        0x0 d:/embedded system diploma/tools/avr-gcc-10.1.0-x64-windows/bin/../lib/gcc/avr/10.1.0/../../../../avr/lib/avr5\libm.a(fp_nan.o)
 .data          0x0000000000800060        0x0 d:/embedded system diploma/tools/avr-gcc-10.1.0-x64-windows/bin/../lib/gcc/avr/10.1.0/../../../../avr/lib/avr5\libm.a(fp_pscA.o)
 .data          0x0000000000800060        0x0 d:/embedded system diploma/tools/avr-gcc-10.1.0-x64-windows/bin/../lib/gcc/avr/10.1.0/../../../../avr/lib/avr5\libm.a(fp_pscB.o)
 .data          0x0000000000800060        0x0 d:/embedded system diploma/tools/avr-gcc-10.1.0-x64-windows/bin/../lib/gcc/avr/10.1.0/../../../../avr/lib/avr5\libm.a(fp_round.o)
 *(.data*)
 .data.g_MasterMode
                0x0000000000800060        0x1 ./SPI_program.o
                0x0000000000800060                g_MasterMode
 *(.gnu.linkonce.d*)
 *(.rodata)
 .rodata        0x0000000000800061       0x1d ./main.o
 *(.rodata*)
 *(.gnu.linkonce.r*)
                0x000000000080007e                . = ALIGN (0x2)
                0x000000000080007e                _edata = .
                0x000000000080007e                PROVIDE (__data_end = .)

.bss            0x000000000080007e       0x17
                0x000000000080007e                PROVIDE (__bss_start = .)
 *(.bss)
 .bss           0x000000000080007e        0x0 d:/embedded system diploma/tools/avr-gcc-10.1.0-x64-windows/bin/../lib/gcc/avr/10.1.0/../../../../avr/lib/avr5/crtatmega32.o
 .bss           0x000000000080007e        0x0 ./DIO_program.o
 .bss           0x000000000080007e        0x0 ./Delay_program.o
 .bss           0x000000000080007e        0x0 ./INT_program.o
 .bss           0x000000000080007e        0x0 ./LED_program.o
 .bss           0x000000000080007e        0x0 ./SPI_program.o
 .bss           0x000000000080007e        0x0 ./TIMER_program.o
 .bss           0x000000000080007e        0x0 ./UART_program.o
 .bss           0x000000000080007e        0x0 ./main.o
 .bss           0x000000000080007e        0x0 d:/embedded system diploma/tools/avr-gcc-10.1.0-x64-windows/bin/../lib/gcc/avr/10.1.0/avr5\libgcc.a(_exit.o)
 .bss           0x000000000080007e        0x0 d:/embedded system diploma/tools/avr-gcc-10.1.0-x64-windows/bin/../lib/gcc/avr/10.1.0/avr5\libgcc.a(_copy_data.o)
 .bss           0x000000000080007e        0x0 d:/embedded system diploma/tools/avr-gcc-10.1.0-x64-windows/bin/../lib/gcc/avr/10.1.0/avr5\libgcc.a(_clear_bss.o)
 .bss           0x000000000080007e        0x0 d:/embedded system diploma/tools/avr-gcc-10.1.0-x64-windows/bin/../lib/gcc/avr/10.1.0/avr5\libgcc.a(_udivdi3.o)
 .bss           0x000000000080007e        0x0 d:/embedded system diploma/tools/avr-gcc-10.1.0-x64-windows/bin/../lib/gcc/avr/10.1.0/avr5\libgcc.a(_udivmod64.o)
 .bss           0x000000000080007e        0x0 d:/embedded system diploma/tools/avr-gcc-10.1.0-x64-windows/bin/../lib/gcc/avr/10.1.0/avr5\libgcc.a(_ashldi3.o)
 .bss           0x000000000080007e        0x0 d:/embedded system diploma/tools/avr-gcc-10.1.0-x64-windows/bin/../lib/gcc/avr/10.1.0/../../../../avr/lib/avr5\libm.a(cmpsf2.o)
 .bss           0x000000000080007e        0x0 d:/embedded system diploma/tools/avr-gcc-10.1.0-x64-windows/bin/../lib/gcc/avr/10.1.0/../../../../avr/lib/avr5\libm.a(fixunssfsi.o)
 .bss           0x000000000080007e        0x0 d:/embedded system diploma/tools/avr-gcc-10.1.0-x64-windows/bin/../lib/gcc/avr/10.1.0/../../../../avr/lib/avr5\libm.a(fp_cmp.o)
 .bss           0x000000000080007e        0x0 d:/embedded system diploma/tools/avr-gcc-10.1.0-x64-windows/bin/../lib/gcc/avr/10.1.0/../../../../avr/lib/avr5\libm.a(fp_split3.o)
 .bss           0x000000000080007e        0x0 d:/embedded system diploma/tools/avr-gcc-10.1.0-x64-windows/bin/../lib/gcc/avr/10.1.0/../../../../avr/lib/avr5\libm.a(fp_zero.o)
 .bss           0x000000000080007e        0x0 d:/embedded system diploma/tools/avr-gcc-10.1.0-x64-windows/bin/../lib/gcc/avr/10.1.0/../../../../avr/lib/avr5\libm.a(gesf2.o)
 .bss           0x000000000080007e        0x0 d:/embedded system diploma/tools/avr-gcc-10.1.0-x64-windows/bin/../lib/gcc/avr/10.1.0/../../../../avr/lib/avr5\libm.a(mulsf3.o)
 .bss           0x000000000080007e        0x0 d:/embedded system diploma/tools/avr-gcc-10.1.0-x64-windows/bin/../lib/gcc/avr/10.1.0/../../../../avr/lib/avr5\libm.a(mulsf3x.o)
 .bss           0x000000000080007e        0x0 d:/embedded system diploma/tools/avr-gcc-10.1.0-x64-windows/bin/../lib/gcc/avr/10.1.0/../../../../avr/lib/avr5\libm.a(fp_inf.o)
 .bss           0x000000000080007e        0x0 d:/embedded system diploma/tools/avr-gcc-10.1.0-x64-windows/bin/../lib/gcc/avr/10.1.0/../../../../avr/lib/avr5\libm.a(fp_nan.o)
 .bss           0x000000000080007e        0x0 d:/embedded system diploma/tools/avr-gcc-10.1.0-x64-windows/bin/../lib/gcc/avr/10.1.0/../../../../avr/lib/avr5\libm.a(fp_pscA.o)
 .bss           0x000000000080007e        0x0 d:/embedded system diploma/tools/avr-gcc-10.1.0-x64-windows/bin/../lib/gcc/avr/10.1.0/../../../../avr/lib/avr5\libm.a(fp_pscB.o)
 .bss           0x000000000080007e        0x0 d:/embedded system diploma/tools/avr-gcc-10.1.0-x64-windows/bin/../lib/gcc/avr/10.1.0/../../../../avr/lib/avr5\libm.a(fp_round.o)
 *(.bss*)
 .bss.g_u8TimerChannel
                0x000000000080007e        0x1 ./Delay_program.o
 .bss.g_PtrCallBack_INT0
                0x000000000080007f        0x2 ./INT_program.o
                0x000000000080007f                g_PtrCallBack_INT0
 .bss.g_PtrCallBack_INT1
                0x0000000000800081        0x2 ./INT_program.o
                0x0000000000800081                g_PtrCallBack_INT1
 .bss.g_PtrCallBack_INT2
                0x0000000000800083        0x2 ./INT_program.o
                0x0000000000800083                g_PtrCallBack_INT2
 .bss.g_Initcheck
                0x0000000000800085        0x1 ./LED_program.o
 .bss.Call_Back_Master
                0x0000000000800086        0x2 ./SPI_program.o
 .bss.Call_Back_Slave
                0x0000000000800088        0x2 ./SPI_program.o
 .bss.TIMER0_CallBack
                0x000000000080008a        0x2 ./TIMER_program.o
 .bss.GSA_uint8_Prescaler_Timer
                0x000000000080008c        0x3 ./TIMER_program.o
 .bss.g_FlagMode
                0x000000000080008f        0x1 ./UART_program.o
                0x000000000080008f                g_FlagMode
 .bss.g_CharacterSize
                0x0000000000800090        0x1 ./UART_program.o
                0x0000000000800090                g_CharacterSize
 .bss.UART_UDR_CallBack
                0x0000000000800091        0x2 ./UART_program.o
 .bss.UART_RX_CallBack
                0x0000000000800093        0x2 ./UART_program.o
 *(COMMON)
                0x0000000000800095                PROVIDE (__bss_end = .)
                0x00000000000025fe                __data_load_start = LOADADDR (.data)
                0x000000000000261c                __data_load_end = (__data_load_start + SIZEOF (.data))

.noinit         0x0000000000800095        0x0
                [!provide]                        PROVIDE (__noinit_start = .)
 *(.noinit*)
                [!provide]                        PROVIDE (__noinit_end = .)
                0x0000000000800095                _end = .
                [!provide]                        PROVIDE (__heap_start = .)

.eeprom         0x0000000000810000        0x0
 *(.eeprom*)
                0x0000000000810000                __eeprom_end = .

.fuse
 *(.fuse)
 *(.lfuse)
 *(.hfuse)
 *(.efuse)

.lock
 *(.lock*)

.signature
 *(.signature*)

.stab           0x0000000000000000     0x3324
 *(.stab)
 .stab          0x0000000000000000      0x9a8 ./DIO_program.o
 .stab          0x00000000000009a8      0x1d4 ./Delay_program.o
                                        0x1e0 (size before relaxing)
 .stab          0x0000000000000b7c      0x858 ./INT_program.o
                                        0x864 (size before relaxing)
 .stab          0x00000000000013d4      0x18c ./LED_program.o
                                        0x198 (size before relaxing)
 .stab          0x0000000000001560      0x96c ./SPI_program.o
                                        0x978 (size before relaxing)
 .stab          0x0000000000001ecc      0x984 ./TIMER_program.o
                                        0x990 (size before relaxing)
 .stab          0x0000000000002850      0x8d0 ./UART_program.o
                                        0x8dc (size before relaxing)
 .stab          0x0000000000003120      0x204 ./main.o
                                        0x210 (size before relaxing)

.stabstr        0x0000000000000000     0x12aa
 *(.stabstr)
 .stabstr       0x0000000000000000     0x12aa ./DIO_program.o

.stab.excl
 *(.stab.excl)

.stab.exclstr
 *(.stab.exclstr)

.stab.index
 *(.stab.index)

.stab.indexstr
 *(.stab.indexstr)

.comment        0x0000000000000000       0x12
 *(.comment)
 .comment       0x0000000000000000       0x12 ./DIO_program.o
                                         0x13 (size before relaxing)
 .comment       0x0000000000000012       0x13 ./Delay_program.o
 .comment       0x0000000000000012       0x13 ./INT_program.o
 .comment       0x0000000000000012       0x13 ./LED_program.o
 .comment       0x0000000000000012       0x13 ./SPI_program.o
 .comment       0x0000000000000012       0x13 ./TIMER_program.o
 .comment       0x0000000000000012       0x13 ./UART_program.o
 .comment       0x0000000000000012       0x13 ./main.o

.note.gnu.avr.deviceinfo
                0x0000000000000000       0x3c
 .note.gnu.avr.deviceinfo
                0x0000000000000000       0x3c d:/embedded system diploma/tools/avr-gcc-10.1.0-x64-windows/bin/../lib/gcc/avr/10.1.0/../../../../avr/lib/avr5/crtatmega32.o

.note.gnu.build-id
 *(.note.gnu.build-id)

.debug
 *(.debug)

.line
 *(.line)

.debug_srcinfo
 *(.debug_srcinfo)

.debug_sfnames
 *(.debug_sfnames)

.debug_aranges  0x0000000000000000       0xc0
 *(.debug_aranges)
 .debug_aranges
                0x0000000000000000       0x20 d:/embedded system diploma/tools/avr-gcc-10.1.0-x64-windows/bin/../lib/gcc/avr/10.1.0/avr5\libgcc.a(_exit.o)
 .debug_aranges
                0x0000000000000020       0x20 d:/embedded system diploma/tools/avr-gcc-10.1.0-x64-windows/bin/../lib/gcc/avr/10.1.0/avr5\libgcc.a(_copy_data.o)
 .debug_aranges
                0x0000000000000040       0x20 d:/embedded system diploma/tools/avr-gcc-10.1.0-x64-windows/bin/../lib/gcc/avr/10.1.0/avr5\libgcc.a(_clear_bss.o)
 .debug_aranges
                0x0000000000000060       0x20 d:/embedded system diploma/tools/avr-gcc-10.1.0-x64-windows/bin/../lib/gcc/avr/10.1.0/avr5\libgcc.a(_udivdi3.o)
 .debug_aranges
                0x0000000000000080       0x20 d:/embedded system diploma/tools/avr-gcc-10.1.0-x64-windows/bin/../lib/gcc/avr/10.1.0/avr5\libgcc.a(_udivmod64.o)
 .debug_aranges
                0x00000000000000a0       0x20 d:/embedded system diploma/tools/avr-gcc-10.1.0-x64-windows/bin/../lib/gcc/avr/10.1.0/avr5\libgcc.a(_ashldi3.o)

.debug_pubnames
 *(.debug_pubnames)

.debug_info     0x0000000000000000      0x5ca
 *(.debug_info .gnu.linkonce.wi.*)
 .debug_info    0x0000000000000000      0x4e6 d:/embedded system diploma/tools/avr-gcc-10.1.0-x64-windows/bin/../lib/gcc/avr/10.1.0/../../../../avr/lib/avr5/crtatmega32.o
 .debug_info    0x00000000000004e6       0x26 d:/embedded system diploma/tools/avr-gcc-10.1.0-x64-windows/bin/../lib/gcc/avr/10.1.0/avr5\libgcc.a(_exit.o)
 .debug_info    0x000000000000050c       0x26 d:/embedded system diploma/tools/avr-gcc-10.1.0-x64-windows/bin/../lib/gcc/avr/10.1.0/avr5\libgcc.a(_copy_data.o)
 .debug_info    0x0000000000000532       0x26 d:/embedded system diploma/tools/avr-gcc-10.1.0-x64-windows/bin/../lib/gcc/avr/10.1.0/avr5\libgcc.a(_clear_bss.o)
 .debug_info    0x0000000000000558       0x26 d:/embedded system diploma/tools/avr-gcc-10.1.0-x64-windows/bin/../lib/gcc/avr/10.1.0/avr5\libgcc.a(_udivdi3.o)
 .debug_info    0x000000000000057e       0x26 d:/embedded system diploma/tools/avr-gcc-10.1.0-x64-windows/bin/../lib/gcc/avr/10.1.0/avr5\libgcc.a(_udivmod64.o)
 .debug_info    0x00000000000005a4       0x26 d:/embedded system diploma/tools/avr-gcc-10.1.0-x64-windows/bin/../lib/gcc/avr/10.1.0/avr5\libgcc.a(_ashldi3.o)

.debug_abbrev   0x0000000000000000      0x51b
 *(.debug_abbrev)
 .debug_abbrev  0x0000000000000000      0x4a3 d:/embedded system diploma/tools/avr-gcc-10.1.0-x64-windows/bin/../lib/gcc/avr/10.1.0/../../../../avr/lib/avr5/crtatmega32.o
 .debug_abbrev  0x00000000000004a3       0x14 d:/embedded system diploma/tools/avr-gcc-10.1.0-x64-windows/bin/../lib/gcc/avr/10.1.0/avr5\libgcc.a(_exit.o)
 .debug_abbrev  0x00000000000004b7       0x14 d:/embedded system diploma/tools/avr-gcc-10.1.0-x64-windows/bin/../lib/gcc/avr/10.1.0/avr5\libgcc.a(_copy_data.o)
 .debug_abbrev  0x00000000000004cb       0x14 d:/embedded system diploma/tools/avr-gcc-10.1.0-x64-windows/bin/../lib/gcc/avr/10.1.0/avr5\libgcc.a(_clear_bss.o)
 .debug_abbrev  0x00000000000004df       0x14 d:/embedded system diploma/tools/avr-gcc-10.1.0-x64-windows/bin/../lib/gcc/avr/10.1.0/avr5\libgcc.a(_udivdi3.o)
 .debug_abbrev  0x00000000000004f3       0x14 d:/embedded system diploma/tools/avr-gcc-10.1.0-x64-windows/bin/../lib/gcc/avr/10.1.0/avr5\libgcc.a(_udivmod64.o)
 .debug_abbrev  0x0000000000000507       0x14 d:/embedded system diploma/tools/avr-gcc-10.1.0-x64-windows/bin/../lib/gcc/avr/10.1.0/avr5\libgcc.a(_ashldi3.o)

.debug_line     0x0000000000000000      0x46d
 *(.debug_line .debug_line.* .debug_line_end)
 .debug_line    0x0000000000000000       0x1d d:/embedded system diploma/tools/avr-gcc-10.1.0-x64-windows/bin/../lib/gcc/avr/10.1.0/../../../../avr/lib/avr5/crtatmega32.o
 .debug_line    0x000000000000001d       0x61 d:/embedded system diploma/tools/avr-gcc-10.1.0-x64-windows/bin/../lib/gcc/avr/10.1.0/avr5\libgcc.a(_exit.o)
 .debug_line    0x000000000000007e       0x97 d:/embedded system diploma/tools/avr-gcc-10.1.0-x64-windows/bin/../lib/gcc/avr/10.1.0/avr5\libgcc.a(_copy_data.o)
 .debug_line    0x0000000000000115       0x85 d:/embedded system diploma/tools/avr-gcc-10.1.0-x64-windows/bin/../lib/gcc/avr/10.1.0/avr5\libgcc.a(_clear_bss.o)
 .debug_line    0x000000000000019a       0xa3 d:/embedded system diploma/tools/avr-gcc-10.1.0-x64-windows/bin/../lib/gcc/avr/10.1.0/avr5\libgcc.a(_udivdi3.o)
 .debug_line    0x000000000000023d      0x145 d:/embedded system diploma/tools/avr-gcc-10.1.0-x64-windows/bin/../lib/gcc/avr/10.1.0/avr5\libgcc.a(_udivmod64.o)
 .debug_line    0x0000000000000382       0xeb d:/embedded system diploma/tools/avr-gcc-10.1.0-x64-windows/bin/../lib/gcc/avr/10.1.0/avr5\libgcc.a(_ashldi3.o)

.debug_frame
 *(.debug_frame)

.debug_str      0x0000000000000000      0x1f8
 *(.debug_str)
 .debug_str     0x0000000000000000      0x199 d:/embedded system diploma/tools/avr-gcc-10.1.0-x64-windows/bin/../lib/gcc/avr/10.1.0/../../../../avr/lib/avr5/crtatmega32.o
 .debug_str     0x0000000000000199       0x5f d:/embedded system diploma/tools/avr-gcc-10.1.0-x64-windows/bin/../lib/gcc/avr/10.1.0/avr5\libgcc.a(_exit.o)
 .debug_str     0x00000000000001f8       0x5f d:/embedded system diploma/tools/avr-gcc-10.1.0-x64-windows/bin/../lib/gcc/avr/10.1.0/avr5\libgcc.a(_copy_data.o)
 .debug_str     0x00000000000001f8       0x5f d:/embedded system diploma/tools/avr-gcc-10.1.0-x64-windows/bin/../lib/gcc/avr/10.1.0/avr5\libgcc.a(_clear_bss.o)
 .debug_str     0x00000000000001f8       0x5f d:/embedded system diploma/tools/avr-gcc-10.1.0-x64-windows/bin/../lib/gcc/avr/10.1.0/avr5\libgcc.a(_udivdi3.o)
 .debug_str     0x00000000000001f8       0x5f d:/embedded system diploma/tools/avr-gcc-10.1.0-x64-windows/bin/../lib/gcc/avr/10.1.0/avr5\libgcc.a(_udivmod64.o)
 .debug_str     0x00000000000001f8       0x5f d:/embedded system diploma/tools/avr-gcc-10.1.0-x64-windows/bin/../lib/gcc/avr/10.1.0/avr5\libgcc.a(_ashldi3.o)

.debug_loc
 *(.debug_loc)

.debug_macinfo
 *(.debug_macinfo)

.debug_weaknames
 *(.debug_weaknames)

.debug_funcnames
 *(.debug_funcnames)

.debug_typenames
 *(.debug_typenames)

.debug_varnames
 *(.debug_varnames)

.debug_pubtypes
 *(.debug_pubtypes)

.debug_ranges
 *(.debug_ranges)

.debug_macro
 *(.debug_macro)

.debug_addr
 *(.debug_addr)
OUTPUT(Master_MC.elf elf32-avr)
LOAD linker stubs
